===== PLATFORM =====
aarch64
DISTRIB_ID='OpenWrt'
DISTRIB_RELEASE='23.05.0'
DISTRIB_REVISION='r23497-6637af95aa'
DISTRIB_TARGET='gem6xxx/evb6988_cpe_mt7992_emmc'
DISTRIB_ARCH='aarch64_cortex-a55_neon-vfpv4'
DISTRIB_DESCRIPTION='OpenWrt 23.05.0 r23497-6637af95aa'
DISTRIB_TAINTS='no-all busybox'
musl libc (aarch64)
===== MATTER NETWORK =====
br-lan           UP             ea:68:e8:53:6a:31 <BROADCAST,MULTICAST,UP,LOWER_UP> 
br-lan           UP             2408:840d:ab20:4fc3::1/64 fd7d:c840:7681::1/60 fe80::e868:e8ff:fe53:6a31/64 
2408:840d:ab20:4fc3::/64 proto static metric 1024 pref medium
fd7d:c840:7681::/64 proto static metric 1024 pref medium
fe80::/64 proto kernel metric 256 pref medium
35:	br-lan
	link  33:33:00:00:00:01
	link  33:33:00:00:00:02
	link  01:00:5e:00:00:01
	link  33:33:ff:53:6a:31
	link  33:33:ff:00:00:01
	link  33:33:ff:00:00:00
	link  33:33:00:01:00:02
	link  33:33:00:01:00:03
	inet  224.0.0.1
	inet6 ff05::1:3
	inet6 ff02::1:2
	inet6 ff02::1:ff00:0 users 3
	inet6 ff02::1:ff00:1 users 2
	inet6 ff02::1:ff53:6a31
	inet6 ff02::2 users 2
	inet6 ff02::1
	inet6 ff01::1
===== REQUIRED RUNTIME =====
/usr/bin/dbus-daemon
running
Python 3.12.14
===== OPTIONAL COMMISSIONING RADIOS =====
bluetooth=absent
===== RESOURCE =====
Filesystem           1024-blocks    Used Available Capacity Mounted on
/dev/block/user_data   2844808    602624   2077520  22% /data
MemTotal:        1492444 kB
MemAvailable:     962396 kB
SwapTotal:             0 kB
===== PORT 5353 =====
udp_5353=available
