===== 交叉编译 aarch64 pose_image (静态) 2026-08-31T15:08:38+08:00 =====
CXX: /home/jedyying/Documents/基于SDR的语义通信实验平台/AI_CPE_Demo/.build/ncnn-cpu/openwrt-sdk-23.05.0-armsr-armv8_gcc-12.3.0_musl.Linux-x86_64/staging_dir/toolchain-aarch64_generic_gcc-12.3.0_musl/bin/aarch64-openwrt-linux-musl-g++
aarch64-openwrt-linux-musl-g++ (OpenWrt GCC 12.3.0 r23497-6637af95aa) 12.3.0
--- ncnn aarch64: /home/jedyying/Documents/基于SDR的语义通信实验平台/AI_CPE_Demo/.build/ncnn-new-aarch64-build/install/lib/libncnn.a ---
aarch64-openwrt-linux-musl-g++: warning: environment variable 'STAGING_DIR' not defined
aarch64-openwrt-linux-musl-g++: warning: environment variable 'STAGING_DIR' not defined
aarch64-openwrt-linux-musl-g++: warning: environment variable 'STAGING_DIR' not defined
aarch64-openwrt-linux-musl-g++: warning: environment variable 'STAGING_DIR' not defined
/home/jedyying/Documents/基于SDR的语义通信实验平台/AI_CPE_Demo/.build/ncnn-cpu/openwrt-sdk-23.05.0-armsr-armv8_gcc-12.3.0_musl.Linux-x86_64/staging_dir/toolchain-aarch64_generic_gcc-12.3.0_musl/bin/../lib/gcc/aarch64-openwrt-linux-musl/12.3.0/../../../../aarch64-openwrt-linux-musl/bin/ld: /home/jedyying/Documents/基于SDR的语义通信实验平台/AI_CPE_Demo/.build/ncnn-cpu/openwrt-sdk-23.05.0-armsr-armv8_gcc-12.3.0_musl.Linux-x86_64/staging_dir/toolchain-aarch64_generic_gcc-12.3.0_musl/bin/../lib/gcc/aarch64-openwrt-linux-musl/12.3.0/../../../../aarch64-openwrt-linux-musl/lib/libstdc++.a(functexcept.o): in function `std::__throw_logic_error(char const*)':
/builder/shared-workdir/build/build_dir/toolchain-aarch64_generic_gcc-12.3.0_musl/gcc-12.3.0/libstdc++-v3/src/c++11/functexcept.cc:70: undefined reference to `_Unwind_Resume'
/home/jedyying/Documents/基于SDR的语义通信实验平台/AI_CPE_Demo/.build/ncnn-cpu/openwrt-sdk-23.05.0-armsr-armv8_gcc-12.3.0_musl.Linux-x86_64/staging_dir/toolchain-aarch64_generic_gcc-12.3.0_musl/bin/../lib/gcc/aarch64-openwrt-linux-musl/12.3.0/../../../../aarch64-openwrt-linux-musl/bin/ld: /builder/shared-workdir/build/build_dir/toolchain-aarch64_generic_gcc-12.3.0_musl/gcc-12.3.0/libstdc++-v3/src/c++11/functexcept.cc:70: undefined reference to `_Unwind_Resume'
/home/jedyying/Documents/基于SDR的语义通信实验平台/AI_CPE_Demo/.build/ncnn-cpu/openwrt-sdk-23.05.0-armsr-armv8_gcc-12.3.0_musl.Linux-x86_64/staging_dir/toolchain-aarch64_generic_gcc-12.3.0_musl/bin/../lib/gcc/aarch64-openwrt-linux-musl/12.3.0/../../../../aarch64-openwrt-linux-musl/bin/ld: /home/jedyying/Documents/基于SDR的语义通信实验平台/AI_CPE_Demo/.build/ncnn-cpu/openwrt-sdk-23.05.0-armsr-armv8_gcc-12.3.0_musl.Linux-x86_64/staging_dir/toolchain-aarch64_generic_gcc-12.3.0_musl/bin/../lib/gcc/aarch64-openwrt-linux-musl/12.3.0/../../../../aarch64-openwrt-linux-musl/lib/libstdc++.a(functexcept.o): in function `std::__throw_domain_error(char const*)':
/builder/shared-workdir/build/build_dir/toolchain-aarch64_generic_gcc-12.3.0_musl/gcc-12.3.0/libstdc++-v3/src/c++11/functexcept.cc:74: undefined reference to `_Unwind_Resume'
/home/jedyying/Documents/基于SDR的语义通信实验平台/AI_CPE_Demo/.build/ncnn-cpu/openwrt-sdk-23.05.0-armsr-armv8_gcc-12.3.0_musl.Linux-x86_64/staging_dir/toolchain-aarch64_generic_gcc-12.3.0_musl/bin/../lib/gcc/aarch64-openwrt-linux-musl/12.3.0/../../../../aarch64-openwrt-linux-musl/bin/ld: /builder/shared-workdir/build/build_dir/toolchain-aarch64_generic_gcc-12.3.0_musl/gcc-12.3.0/libstdc++-v3/src/c++11/functexcept.cc:74: undefined reference to `_Unwind_Resume'
/home/jedyying/Documents/基于SDR的语义通信实验平台/AI_CPE_Demo/.build/ncnn-cpu/openwrt-sdk-23.05.0-armsr-armv8_gcc-12.3.0_musl.Linux-x86_64/staging_dir/toolchain-aarch64_generic_gcc-12.3.0_musl/bin/../lib/gcc/aarch64-openwrt-linux-musl/12.3.0/../../../../aarch64-openwrt-linux-musl/bin/ld: /home/jedyying/Documents/基于SDR的语义通信实验平台/AI_CPE_Demo/.build/ncnn-cpu/openwrt-sdk-23.05.0-armsr-armv8_gcc-12.3.0_musl.Linux-x86_64/staging_dir/toolchain-aarch64_generic_gcc-12.3.0_musl/bin/../lib/gcc/aarch64-openwrt-linux-musl/12.3.0/../../../../aarch64-openwrt-linux-musl/lib/libstdc++.a(functexcept.o): in function `std::__throw_invalid_argument(char const*)':
/builder/shared-workdir/build/build_dir/toolchain-aarch64_generic_gcc-12.3.0_musl/gcc-12.3.0/libstdc++-v3/src/c++11/functexcept.cc:78: undefined reference to `_Unwind_Resume'
/home/jedyying/Documents/基于SDR的语义通信实验平台/AI_CPE_Demo/.build/ncnn-cpu/openwrt-sdk-23.05.0-armsr-armv8_gcc-12.3.0_musl.Linux-x86_64/staging_dir/toolchain-aarch64_generic_gcc-12.3.0_musl/bin/../lib/gcc/aarch64-openwrt-linux-musl/12.3.0/../../../../aarch64-openwrt-linux-musl/bin/ld: /home/jedyying/Documents/基于SDR的语义通信实验平台/AI_CPE_Demo/.build/ncnn-cpu/openwrt-sdk-23.05.0-armsr-armv8_gcc-12.3.0_musl.Linux-x86_64/staging_dir/toolchain-aarch64_generic_gcc-12.3.0_musl/bin/../lib/gcc/aarch64-openwrt-linux-musl/12.3.0/../../../../aarch64-openwrt-linux-musl/lib/libstdc++.a(functexcept.o):/builder/shared-workdir/build/build_dir/toolchain-aarch64_generic_gcc-12.3.0_musl/gcc-12.3.0/libstdc++-v3/src/c++11/functexcept.cc:78: more undefined references to `_Unwind_Resume' follow
/home/jedyying/Documents/基于SDR的语义通信实验平台/AI_CPE_Demo/.build/ncnn-cpu/openwrt-sdk-23.05.0-armsr-armv8_gcc-12.3.0_musl.Linux-x86_64/staging_dir/toolchain-aarch64_generic_gcc-12.3.0_musl/bin/../lib/gcc/aarch64-openwrt-linux-musl/12.3.0/../../../../aarch64-openwrt-linux-musl/bin/ld: /home/jedyying/Documents/基于SDR的语义通信实验平台/AI_CPE_Demo/.build/ncnn-cpu/openwrt-sdk-23.05.0-armsr-armv8_gcc-12.3.0_musl.Linux-x86_64/staging_dir/toolchain-aarch64_generic_gcc-12.3.0_musl/bin/../lib/gcc/aarch64-openwrt-linux-musl/12.3.0/../../../../aarch64-openwrt-linux-musl/lib/libstdc++.a(eh_catch.o): in function `__cxa_end_catch':
/builder/shared-workdir/build/build_dir/toolchain-aarch64_generic_gcc-12.3.0_musl/gcc-12.3.0/libstdc++-v3/libsupc++/eh_catch.cc:125: undefined reference to `_Unwind_DeleteException'
/home/jedyying/Documents/基于SDR的语义通信实验平台/AI_CPE_Demo/.build/ncnn-cpu/openwrt-sdk-23.05.0-armsr-armv8_gcc-12.3.0_musl.Linux-x86_64/staging_dir/toolchain-aarch64_generic_gcc-12.3.0_musl/bin/../lib/gcc/aarch64-openwrt-linux-musl/12.3.0/../../../../aarch64-openwrt-linux-musl/bin/ld: /builder/shared-workdir/build/build_dir/toolchain-aarch64_generic_gcc-12.3.0_musl/gcc-12.3.0/libstdc++-v3/libsupc++/eh_catch.cc:125: undefined reference to `_Unwind_DeleteException'
/home/jedyying/Documents/基于SDR的语义通信实验平台/AI_CPE_Demo/.build/ncnn-cpu/openwrt-sdk-23.05.0-armsr-armv8_gcc-12.3.0_musl.Linux-x86_64/staging_dir/toolchain-aarch64_generic_gcc-12.3.0_musl/bin/../lib/gcc/aarch64-openwrt-linux-musl/12.3.0/../../../../aarch64-openwrt-linux-musl/bin/ld: /home/jedyying/Documents/基于SDR的语义通信实验平台/AI_CPE_Demo/.build/ncnn-cpu/openwrt-sdk-23.05.0-armsr-armv8_gcc-12.3.0_musl.Linux-x86_64/staging_dir/toolchain-aarch64_generic_gcc-12.3.0_musl/bin/../lib/gcc/aarch64-openwrt-linux-musl/12.3.0/../../../../aarch64-openwrt-linux-musl/lib/libstdc++.a(eh_personality.o): in function `base_of_encoded_value(unsigned char, _Unwind_Context*)':
/builder/shared-workdir/build/build_dir/toolchain-aarch64_generic_gcc-12.3.0_musl/gcc-12.3.0/libstdc++-v3/libsupc++/eh_personality.cc:114: undefined reference to `_Unwind_GetTextRelBase'
/home/jedyying/Documents/基于SDR的语义通信实验平台/AI_CPE_Demo/.build/ncnn-cpu/openwrt-sdk-23.05.0-armsr-armv8_gcc-12.3.0_musl.Linux-x86_64/staging_dir/toolchain-aarch64_generic_gcc-12.3.0_musl/bin/../lib/gcc/aarch64-openwrt-linux-musl/12.3.0/../../../../aarch64-openwrt-linux-musl/bin/ld: /builder/shared-workdir/build/build_dir/toolchain-aarch64_generic_gcc-12.3.0_musl/gcc-12.3.0/libstdc++-v3/libsupc++/eh_personality.cc:114: undefined reference to `_Unwind_GetTextRelBase'
/home/jedyying/Documents/基于SDR的语义通信实验平台/AI_CPE_Demo/.build/ncnn-cpu/openwrt-sdk-23.05.0-armsr-armv8_gcc-12.3.0_musl.Linux-x86_64/staging_dir/toolchain-aarch64_generic_gcc-12.3.0_musl/bin/../lib/gcc/aarch64-openwrt-linux-musl/12.3.0/../../../../aarch64-openwrt-linux-musl/bin/ld: /builder/shared-workdir/build/build_dir/toolchain-aarch64_generic_gcc-12.3.0_musl/gcc-12.3.0/libstdc++-v3/libsupc++/eh_personality.cc:116: undefined reference to `_Unwind_GetDataRelBase'
/home/jedyying/Documents/基于SDR的语义通信实验平台/AI_CPE_Demo/.build/ncnn-cpu/openwrt-sdk-23.05.0-armsr-armv8_gcc-12.3.0_musl.Linux-x86_64/staging_dir/toolchain-aarch64_generic_gcc-12.3.0_musl/bin/../lib/gcc/aarch64-openwrt-linux-musl/12.3.0/../../../../aarch64-openwrt-linux-musl/bin/ld: /builder/shared-workdir/build/build_dir/toolchain-aarch64_generic_gcc-12.3.0_musl/gcc-12.3.0/libstdc++-v3/libsupc++/eh_personality.cc:116: undefined reference to `_Unwind_GetDataRelBase'
/home/jedyying/Documents/基于SDR的语义通信实验平台/AI_CPE_Demo/.build/ncnn-cpu/openwrt-sdk-23.05.0-armsr-armv8_gcc-12.3.0_musl.Linux-x86_64/staging_dir/toolchain-aarch64_generic_gcc-12.3.0_musl/bin/../lib/gcc/aarch64-openwrt-linux-musl/12.3.0/../../../../aarch64-openwrt-linux-musl/bin/ld: /builder/shared-workdir/build/build_dir/toolchain-aarch64_generic_gcc-12.3.0_musl/gcc-12.3.0/libstdc++-v3/libsupc++/eh_personality.cc:118: undefined reference to `_Unwind_GetRegionStart'
/home/jedyying/Documents/基于SDR的语义通信实验平台/AI_CPE_Demo/.build/ncnn-cpu/openwrt-sdk-23.05.0-armsr-armv8_gcc-12.3.0_musl.Linux-x86_64/staging_dir/toolchain-aarch64_generic_gcc-12.3.0_musl/bin/../lib/gcc/aarch64-openwrt-linux-musl/12.3.0/../../../../aarch64-openwrt-linux-musl/bin/ld: /builder/shared-workdir/build/build_dir/toolchain-aarch64_generic_gcc-12.3.0_musl/gcc-12.3.0/libstdc++-v3/libsupc++/eh_personality.cc:118: undefined reference to `_Unwind_GetRegionStart'
/home/jedyying/Documents/基于SDR的语义通信实验平台/AI_CPE_Demo/.build/ncnn-cpu/openwrt-sdk-23.05.0-armsr-armv8_gcc-12.3.0_musl.Linux-x86_64/staging_dir/toolchain-aarch64_generic_gcc-12.3.0_musl/bin/../lib/gcc/aarch64-openwrt-linux-musl/12.3.0/../../../../aarch64-openwrt-linux-musl/bin/ld: /home/jedyying/Documents/基于SDR的语义通信实验平台/AI_CPE_Demo/.build/ncnn-cpu/openwrt-sdk-23.05.0-armsr-armv8_gcc-12.3.0_musl.Linux-x86_64/staging_dir/toolchain-aarch64_generic_gcc-12.3.0_musl/bin/../lib/gcc/aarch64-openwrt-linux-musl/12.3.0/../../../../aarch64-openwrt-linux-musl/lib/libstdc++.a(eh_personality.o): in function `parse_lsda_header(_Unwind_Context*, unsigned char const*, lsda_header_info*)':
/builder/shared-workdir/build/build_dir/toolchain-aarch64_generic_gcc-12.3.0_musl/gcc-12.3.0/libstdc++-v3/libsupc++/eh_personality.cc:55: undefined reference to `_Unwind_GetRegionStart'
/home/jedyying/Documents/基于SDR的语义通信实验平台/AI_CPE_Demo/.build/ncnn-cpu/openwrt-sdk-23.05.0-armsr-armv8_gcc-12.3.0_musl.Linux-x86_64/staging_dir/toolchain-aarch64_generic_gcc-12.3.0_musl/bin/../lib/gcc/aarch64-openwrt-linux-musl/12.3.0/../../../../aarch64-openwrt-linux-musl/bin/ld: /builder/shared-workdir/build/build_dir/toolchain-aarch64_generic_gcc-12.3.0_musl/gcc-12.3.0/libstdc++-v3/libsupc++/eh_personality.cc:55: undefined reference to `_Unwind_GetRegionStart'
/home/jedyying/Documents/基于SDR的语义通信实验平台/AI_CPE_Demo/.build/ncnn-cpu/openwrt-sdk-23.05.0-armsr-armv8_gcc-12.3.0_musl.Linux-x86_64/staging_dir/toolchain-aarch64_generic_gcc-12.3.0_musl/bin/../lib/gcc/aarch64-openwrt-linux-musl/12.3.0/../../../../aarch64-openwrt-linux-musl/bin/ld: /home/jedyying/Documents/基于SDR的语义通信实验平台/AI_CPE_Demo/.build/ncnn-cpu/openwrt-sdk-23.05.0-armsr-armv8_gcc-12.3.0_musl.Linux-x86_64/staging_dir/toolchain-aarch64_generic_gcc-12.3.0_musl/bin/../lib/gcc/aarch64-openwrt-linux-musl/12.3.0/../../../../aarch64-openwrt-linux-musl/lib/libstdc++.a(eh_personality.o): in function `__gxx_personality_v0':
/builder/shared-workdir/build/build_dir/toolchain-aarch64_generic_gcc-12.3.0_musl/gcc-12.3.0/libstdc++-v3/libsupc++/eh_personality.cc:447: undefined reference to `_Unwind_GetLanguageSpecificData'
/home/jedyying/Documents/基于SDR的语义通信实验平台/AI_CPE_Demo/.build/ncnn-cpu/openwrt-sdk-23.05.0-armsr-armv8_gcc-12.3.0_musl.Linux-x86_64/staging_dir/toolchain-aarch64_generic_gcc-12.3.0_musl/bin/../lib/gcc/aarch64-openwrt-linux-musl/12.3.0/../../../../aarch64-openwrt-linux-musl/bin/ld: /builder/shared-workdir/build/build_dir/toolchain-aarch64_generic_gcc-12.3.0_musl/gcc-12.3.0/libstdc++-v3/libsupc++/eh_personality.cc:447: undefined reference to `_Unwind_GetLanguageSpecificData'
/home/jedyying/Documents/基于SDR的语义通信实验平台/AI_CPE_Demo/.build/ncnn-cpu/openwrt-sdk-23.05.0-armsr-armv8_gcc-12.3.0_musl.Linux-x86_64/staging_dir/toolchain-aarch64_generic_gcc-12.3.0_musl/bin/../lib/gcc/aarch64-openwrt-linux-musl/12.3.0/../../../../aarch64-openwrt-linux-musl/bin/ld: /builder/shared-workdir/build/build_dir/toolchain-aarch64_generic_gcc-12.3.0_musl/gcc-12.3.0/libstdc++-v3/libsupc++/eh_personality.cc:457: undefined reference to `_Unwind_GetIPInfo'
/home/jedyying/Documents/基于SDR的语义通信实验平台/AI_CPE_Demo/.build/ncnn-cpu/openwrt-sdk-23.05.0-armsr-armv8_gcc-12.3.0_musl.Linux-x86_64/staging_dir/toolchain-aarch64_generic_gcc-12.3.0_musl/bin/../lib/gcc/aarch64-openwrt-linux-musl/12.3.0/../../../../aarch64-openwrt-linux-musl/bin/ld: /builder/shared-workdir/build/build_dir/toolchain-aarch64_generic_gcc-12.3.0_musl/gcc-12.3.0/libstdc++-v3/libsupc++/eh_personality.cc:457: undefined reference to `_Unwind_GetIPInfo'
/home/jedyying/Documents/基于SDR的语义通信实验平台/AI_CPE_Demo/.build/ncnn-cpu/openwrt-sdk-23.05.0-armsr-armv8_gcc-12.3.0_musl.Linux-x86_64/staging_dir/toolchain-aarch64_generic_gcc-12.3.0_musl/bin/../lib/gcc/aarch64-openwrt-linux-musl/12.3.0/../../../../aarch64-openwrt-linux-musl/bin/ld: /builder/shared-workdir/build/build_dir/toolchain-aarch64_generic_gcc-12.3.0_musl/gcc-12.3.0/libstdc++-v3/libsupc++/eh_personality.cc:724: undefined reference to `_Unwind_SetGR'
/home/jedyying/Documents/基于SDR的语义通信实验平台/AI_CPE_Demo/.build/ncnn-cpu/openwrt-sdk-23.05.0-armsr-armv8_gcc-12.3.0_musl.Linux-x86_64/staging_dir/toolchain-aarch64_generic_gcc-12.3.0_musl/bin/../lib/gcc/aarch64-openwrt-linux-musl/12.3.0/../../../../aarch64-openwrt-linux-musl/bin/ld: /builder/shared-workdir/build/build_dir/toolchain-aarch64_generic_gcc-12.3.0_musl/gcc-12.3.0/libstdc++-v3/libsupc++/eh_personality.cc:724: undefined reference to `_Unwind_SetGR'
/home/jedyying/Documents/基于SDR的语义通信实验平台/AI_CPE_Demo/.build/ncnn-cpu/openwrt-sdk-23.05.0-armsr-armv8_gcc-12.3.0_musl.Linux-x86_64/staging_dir/toolchain-aarch64_generic_gcc-12.3.0_musl/bin/../lib/gcc/aarch64-openwrt-linux-musl/12.3.0/../../../../aarch64-openwrt-linux-musl/bin/ld: /builder/shared-workdir/build/build_dir/toolchain-aarch64_generic_gcc-12.3.0_musl/gcc-12.3.0/libstdc++-v3/libsupc++/eh_personality.cc:728: undefined reference to `_Unwind_SetIP'
/home/jedyying/Documents/基于SDR的语义通信实验平台/AI_CPE_Demo/.build/ncnn-cpu/openwrt-sdk-23.05.0-armsr-armv8_gcc-12.3.0_musl.Linux-x86_64/staging_dir/toolchain-aarch64_generic_gcc-12.3.0_musl/bin/../lib/gcc/aarch64-openwrt-linux-musl/12.3.0/../../../../aarch64-openwrt-linux-musl/bin/ld: /builder/shared-workdir/build/build_dir/toolchain-aarch64_generic_gcc-12.3.0_musl/gcc-12.3.0/libstdc++-v3/libsupc++/eh_personality.cc:728: undefined reference to `_Unwind_SetIP'
/home/jedyying/Documents/基于SDR的语义通信实验平台/AI_CPE_Demo/.build/ncnn-cpu/openwrt-sdk-23.05.0-armsr-armv8_gcc-12.3.0_musl.Linux-x86_64/staging_dir/toolchain-aarch64_generic_gcc-12.3.0_musl/bin/../lib/gcc/aarch64-openwrt-linux-musl/12.3.0/../../../../aarch64-openwrt-linux-musl/bin/ld: /home/jedyying/Documents/基于SDR的语义通信实验平台/AI_CPE_Demo/.build/ncnn-cpu/openwrt-sdk-23.05.0-armsr-armv8_gcc-12.3.0_musl.Linux-x86_64/staging_dir/toolchain-aarch64_generic_gcc-12.3.0_musl/bin/../lib/gcc/aarch64-openwrt-linux-musl/12.3.0/../../../../aarch64-openwrt-linux-musl/lib/libstdc++.a(eh_personality.o): in function `__cxa_call_unexpected':
/builder/shared-workdir/build/build_dir/toolchain-aarch64_generic_gcc-12.3.0_musl/gcc-12.3.0/libstdc++-v3/libsupc++/eh_personality.cc:754: undefined reference to `_Unwind_Resume'
/home/jedyying/Documents/基于SDR的语义通信实验平台/AI_CPE_Demo/.build/ncnn-cpu/openwrt-sdk-23.05.0-armsr-armv8_gcc-12.3.0_musl.Linux-x86_64/staging_dir/toolchain-aarch64_generic_gcc-12.3.0_musl/bin/../lib/gcc/aarch64-openwrt-linux-musl/12.3.0/../../../../aarch64-openwrt-linux-musl/bin/ld: /home/jedyying/Documents/基于SDR的语义通信实验平台/AI_CPE_Demo/.build/ncnn-cpu/openwrt-sdk-23.05.0-armsr-armv8_gcc-12.3.0_musl.Linux-x86_64/staging_dir/toolchain-aarch64_generic_gcc-12.3.0_musl/bin/../lib/gcc/aarch64-openwrt-linux-musl/12.3.0/../../../../aarch64-openwrt-linux-musl/lib/libstdc++.a(eh_personality.o): in function `~end_catch_protect':
/builder/shared-workdir/build/build_dir/toolchain-aarch64_generic_gcc-12.3.0_musl/gcc-12.3.0/libstdc++-v3/libsupc++/eh_personality.cc:754: undefined reference to `_Unwind_Resume'
/home/jedyying/Documents/基于SDR的语义通信实验平台/AI_CPE_Demo/.build/ncnn-cpu/openwrt-sdk-23.05.0-armsr-armv8_gcc-12.3.0_musl.Linux-x86_64/staging_dir/toolchain-aarch64_generic_gcc-12.3.0_musl/bin/../lib/gcc/aarch64-openwrt-linux-musl/12.3.0/../../../../aarch64-openwrt-linux-musl/bin/ld: /home/jedyying/Documents/基于SDR的语义通信实验平台/AI_CPE_Demo/.build/ncnn-cpu/openwrt-sdk-23.05.0-armsr-armv8_gcc-12.3.0_musl.Linux-x86_64/staging_dir/toolchain-aarch64_generic_gcc-12.3.0_musl/bin/../lib/gcc/aarch64-openwrt-linux-musl/12.3.0/../../../../aarch64-openwrt-linux-musl/lib/libstdc++.a(eh_throw.o): in function `__cxa_throw':
/builder/shared-workdir/build/build_dir/toolchain-aarch64_generic_gcc-12.3.0_musl/gcc-12.3.0/libstdc++-v3/libsupc++/eh_throw.cc:93: undefined reference to `_Unwind_RaiseException'
/home/jedyying/Documents/基于SDR的语义通信实验平台/AI_CPE_Demo/.build/ncnn-cpu/openwrt-sdk-23.05.0-armsr-armv8_gcc-12.3.0_musl.Linux-x86_64/staging_dir/toolchain-aarch64_generic_gcc-12.3.0_musl/bin/../lib/gcc/aarch64-openwrt-linux-musl/12.3.0/../../../../aarch64-openwrt-linux-musl/bin/ld: /builder/shared-workdir/build/build_dir/toolchain-aarch64_generic_gcc-12.3.0_musl/gcc-12.3.0/libstdc++-v3/libsupc++/eh_throw.cc:93: undefined reference to `_Unwind_RaiseException'
/home/jedyying/Documents/基于SDR的语义通信实验平台/AI_CPE_Demo/.build/ncnn-cpu/openwrt-sdk-23.05.0-armsr-armv8_gcc-12.3.0_musl.Linux-x86_64/staging_dir/toolchain-aarch64_generic_gcc-12.3.0_musl/bin/../lib/gcc/aarch64-openwrt-linux-musl/12.3.0/../../../../aarch64-openwrt-linux-musl/bin/ld: /home/jedyying/Documents/基于SDR的语义通信实验平台/AI_CPE_Demo/.build/ncnn-cpu/openwrt-sdk-23.05.0-armsr-armv8_gcc-12.3.0_musl.Linux-x86_64/staging_dir/toolchain-aarch64_generic_gcc-12.3.0_musl/bin/../lib/gcc/aarch64-openwrt-linux-musl/12.3.0/../../../../aarch64-openwrt-linux-musl/lib/libstdc++.a(eh_throw.o): in function `__cxa_rethrow':
/builder/shared-workdir/build/build_dir/toolchain-aarch64_generic_gcc-12.3.0_musl/gcc-12.3.0/libstdc++-v3/libsupc++/eh_throw.cc:129: undefined reference to `_Unwind_Resume_or_Rethrow'
/home/jedyying/Documents/基于SDR的语义通信实验平台/AI_CPE_Demo/.build/ncnn-cpu/openwrt-sdk-23.05.0-armsr-armv8_gcc-12.3.0_musl.Linux-x86_64/staging_dir/toolchain-aarch64_generic_gcc-12.3.0_musl/bin/../lib/gcc/aarch64-openwrt-linux-musl/12.3.0/../../../../aarch64-openwrt-linux-musl/bin/ld: /builder/shared-workdir/build/build_dir/toolchain-aarch64_generic_gcc-12.3.0_musl/gcc-12.3.0/libstdc++-v3/libsupc++/eh_throw.cc:129: undefined reference to `_Unwind_Resume_or_Rethrow'
/home/jedyying/Documents/基于SDR的语义通信实验平台/AI_CPE_Demo/.build/ncnn-cpu/openwrt-sdk-23.05.0-armsr-armv8_gcc-12.3.0_musl.Linux-x86_64/staging_dir/toolchain-aarch64_generic_gcc-12.3.0_musl/bin/../lib/gcc/aarch64-openwrt-linux-musl/12.3.0/../../../../aarch64-openwrt-linux-musl/bin/ld: /home/jedyying/Documents/基于SDR的语义通信实验平台/AI_CPE_Demo/.build/ncnn-cpu/openwrt-sdk-23.05.0-armsr-armv8_gcc-12.3.0_musl.Linux-x86_64/staging_dir/toolchain-aarch64_generic_gcc-12.3.0_musl/bin/../lib/gcc/aarch64-openwrt-linux-musl/12.3.0/../../../../aarch64-openwrt-linux-musl/lib/libstdc++.a(vterminate.o): in function `__gnu_cxx::__verbose_terminate_handler()':
/builder/shared-workdir/build/build_dir/toolchain-aarch64_generic_gcc-12.3.0_musl/gcc-12.3.0/libstdc++-v3/libsupc++/vterminate.cc:88: undefined reference to `_Unwind_Resume'
/home/jedyying/Documents/基于SDR的语义通信实验平台/AI_CPE_Demo/.build/ncnn-cpu/openwrt-sdk-23.05.0-armsr-armv8_gcc-12.3.0_musl.Linux-x86_64/staging_dir/toolchain-aarch64_generic_gcc-12.3.0_musl/bin/../lib/gcc/aarch64-openwrt-linux-musl/12.3.0/../../../../aarch64-openwrt-linux-musl/bin/ld: /builder/shared-workdir/build/build_dir/toolchain-aarch64_generic_gcc-12.3.0_musl/gcc-12.3.0/libstdc++-v3/libsupc++/vterminate.cc:88: undefined reference to `_Unwind_Resume'
/home/jedyying/Documents/基于SDR的语义通信实验平台/AI_CPE_Demo/.build/ncnn-cpu/openwrt-sdk-23.05.0-armsr-armv8_gcc-12.3.0_musl.Linux-x86_64/staging_dir/toolchain-aarch64_generic_gcc-12.3.0_musl/bin/../lib/gcc/aarch64-openwrt-linux-musl/12.3.0/../../../../aarch64-openwrt-linux-musl/bin/ld: /home/jedyying/Documents/基于SDR的语义通信实验平台/AI_CPE_Demo/.build/ncnn-cpu/openwrt-sdk-23.05.0-armsr-armv8_gcc-12.3.0_musl.Linux-x86_64/staging_dir/toolchain-aarch64_generic_gcc-12.3.0_musl/bin/../lib/gcc/aarch64-openwrt-linux-musl/12.3.0/../../../../aarch64-openwrt-linux-musl/lib/libstdc++.a(string-inst.o): in function `std::__cxx11::basic_string<char, std::char_traits<char>, std::allocator<char> >::reserve()':
/builder/shared-workdir/build/build_dir/toolchain-aarch64_generic_gcc-12.3.0_musl/gcc-12.3.0-final/aarch64-openwrt-linux-musl/libstdc++-v3/include/bits/basic_string.tcc:386: undefined reference to `_Unwind_Resume'
/home/jedyying/Documents/基于SDR的语义通信实验平台/AI_CPE_Demo/.build/ncnn-cpu/openwrt-sdk-23.05.0-armsr-armv8_gcc-12.3.0_musl.Linux-x86_64/staging_dir/toolchain-aarch64_generic_gcc-12.3.0_musl/bin/../lib/gcc/aarch64-openwrt-linux-musl/12.3.0/../../../../aarch64-openwrt-linux-musl/bin/ld: /builder/shared-workdir/build/build_dir/toolchain-aarch64_generic_gcc-12.3.0_musl/gcc-12.3.0-final/aarch64-openwrt-linux-musl/libstdc++-v3/include/bits/basic_string.tcc:386: undefined reference to `_Unwind_Resume'
/home/jedyying/Documents/基于SDR的语义通信实验平台/AI_CPE_Demo/.build/ncnn-cpu/openwrt-sdk-23.05.0-armsr-armv8_gcc-12.3.0_musl.Linux-x86_64/staging_dir/toolchain-aarch64_generic_gcc-12.3.0_musl/bin/../lib/gcc/aarch64-openwrt-linux-musl/12.3.0/../../../../aarch64-openwrt-linux-musl/bin/ld: /home/jedyying/Documents/基于SDR的语义通信实验平台/AI_CPE_Demo/.build/ncnn-cpu/openwrt-sdk-23.05.0-armsr-armv8_gcc-12.3.0_musl.Linux-x86_64/staging_dir/toolchain-aarch64_generic_gcc-12.3.0_musl/bin/../lib/gcc/aarch64-openwrt-linux-musl/12.3.0/../../../../aarch64-openwrt-linux-musl/lib/libstdc++.a(string-inst.o): in function `std::__new_allocator<char>::~__new_allocator()':
/builder/shared-workdir/build/build_dir/toolchain-aarch64_generic_gcc-12.3.0_musl/gcc-12.3.0-final/aarch64-openwrt-linux-musl/libstdc++-v3/include/bits/new_allocator.h:90: undefined reference to `_Unwind_Resume'
/home/jedyying/Documents/基于SDR的语义通信实验平台/AI_CPE_Demo/.build/ncnn-cpu/openwrt-sdk-23.05.0-armsr-armv8_gcc-12.3.0_musl.Linux-x86_64/staging_dir/toolchain-aarch64_generic_gcc-12.3.0_musl/bin/../lib/gcc/aarch64-openwrt-linux-musl/12.3.0/../../../../aarch64-openwrt-linux-musl/bin/ld: /home/jedyying/Documents/基于SDR的语义通信实验平台/AI_CPE_Demo/.build/ncnn-cpu/openwrt-sdk-23.05.0-armsr-armv8_gcc-12.3.0_musl.Linux-x86_64/staging_dir/toolchain-aarch64_generic_gcc-12.3.0_musl/bin/../lib/gcc/aarch64-openwrt-linux-musl/12.3.0/../../../../aarch64-openwrt-linux-musl/lib/libstdc++.a(string-inst.o):/builder/shared-workdir/build/build_dir/toolchain-aarch64_generic_gcc-12.3.0_musl/gcc-12.3.0-final/aarch64-openwrt-linux-musl/libstdc++-v3/include/bits/new_allocator.h:90: more undefined references to `_Unwind_Resume' follow
collect2: error: ld returned 1 exit status
EXIT=1
===== 重试: 加 -lgcc_eh 解决 musl 静态 unwind =====
aarch64-openwrt-linux-musl-g++: warning: environment variable 'STAGING_DIR' not defined
aarch64-openwrt-linux-musl-g++: warning: environment variable 'STAGING_DIR' not defined
aarch64-openwrt-linux-musl-g++: warning: environment variable 'STAGING_DIR' not defined
aarch64-openwrt-linux-musl-g++: warning: environment variable 'STAGING_DIR' not defined
===== ABI 校验: pose_image_arm64 2026-08-31T15:09:35+08:00 =====
---- file ----
/home/jedyying/Agent工作区/rg660mk_yolo_deploy_20260831_144149/build/aarch64/pose_image_arm64: ELF 64-bit LSB executable, ARM aarch64, version 1 (SYSV), statically linked, with debug_info, not stripped
---- readelf -h (架构/类型) ----
  Class:                             ELF64
  Type:                              EXEC (Executable file)
  Machine:                           AArch64
  Flags:                             0x0
---- readelf -l (是否有 INTERP=动态加载器) ----
无 INTERP 段 => 静态链接 ✅
---- readelf -d (动态依赖) ----
无动态依赖段 => 完全静态 ✅
---- 意外依赖扫描 (PyTorch/Python/OpenCV/Vulkan/gomp) ----
无 Vulkan/OpenMP/OpenCV/Python/Torch 依赖 ✅
===== 交叉编译 aarch64 pose_camera (静态, +libuvc/libusb) =====
/home/jedyying/Downloads/rg660mk_c270_userspace.Nne8IG/aarch64-root/include/libuvc/libuvc.h
/home/jedyying/Downloads/rg660mk_c270_userspace.Nne8IG/aarch64-root/lib/libusb-1.0.a
/home/jedyying/Downloads/rg660mk_c270_userspace.Nne8IG/libuvc-build-aarch64/libuvc.a
aarch64-openwrt-linux-musl-g++: warning: environment variable 'STAGING_DIR' not defined
aarch64-openwrt-linux-musl-g++: warning: environment variable 'STAGING_DIR' not defined
aarch64-openwrt-linux-musl-g++: warning: environment variable 'STAGING_DIR' not defined
aarch64-openwrt-linux-musl-g++: warning: environment variable 'STAGING_DIR' not defined
/home/jedyying/Documents/基于SDR的语义通信实验平台/AI_CPE_Demo/.build/ncnn-cpu/openwrt-sdk-23.05.0-armsr-armv8_gcc-12.3.0_musl.Linux-x86_64/staging_dir/toolchain-aarch64_generic_gcc-12.3.0_musl/bin/../lib/gcc/aarch64-openwrt-linux-musl/12.3.0/../../../../aarch64-openwrt-linux-musl/bin/ld: /home/jedyying/Downloads/rg660mk_c270_userspace.Nne8IG/aarch64-root/lib/libusb-1.0.a(core.o): in function `snprintf':
/usr/aarch64-linux-gnu/include/bits/stdio2.h:71: undefined reference to `__snprintf_chk'
/home/jedyying/Documents/基于SDR的语义通信实验平台/AI_CPE_Demo/.build/ncnn-cpu/openwrt-sdk-23.05.0-armsr-armv8_gcc-12.3.0_musl.Linux-x86_64/staging_dir/toolchain-aarch64_generic_gcc-12.3.0_musl/bin/../lib/gcc/aarch64-openwrt-linux-musl/12.3.0/../../../../aarch64-openwrt-linux-musl/bin/ld: /usr/aarch64-linux-gnu/include/bits/stdio2.h:71: undefined reference to `__snprintf_chk'
/home/jedyying/Documents/基于SDR的语义通信实验平台/AI_CPE_Demo/.build/ncnn-cpu/openwrt-sdk-23.05.0-armsr-armv8_gcc-12.3.0_musl.Linux-x86_64/staging_dir/toolchain-aarch64_generic_gcc-12.3.0_musl/bin/../lib/gcc/aarch64-openwrt-linux-musl/12.3.0/../../../../aarch64-openwrt-linux-musl/bin/ld: /home/jedyying/Downloads/rg660mk_c270_userspace.Nne8IG/aarch64-root/lib/libusb-1.0.a(core.o): in function `vsnprintf':
/usr/aarch64-linux-gnu/include/bits/stdio2.h:85: undefined reference to `__vsnprintf_chk'
/home/jedyying/Documents/基于SDR的语义通信实验平台/AI_CPE_Demo/.build/ncnn-cpu/openwrt-sdk-23.05.0-armsr-armv8_gcc-12.3.0_musl.Linux-x86_64/staging_dir/toolchain-aarch64_generic_gcc-12.3.0_musl/bin/../lib/gcc/aarch64-openwrt-linux-musl/12.3.0/../../../../aarch64-openwrt-linux-musl/bin/ld: /home/jedyying/Downloads/rg660mk_c270_userspace.Nne8IG/aarch64-root/lib/libusb-1.0.a(linux_usbfs.o): in function `snprintf':
/usr/aarch64-linux-gnu/include/bits/stdio2.h:71: undefined reference to `__snprintf_chk'
/home/jedyying/Documents/基于SDR的语义通信实验平台/AI_CPE_Demo/.build/ncnn-cpu/openwrt-sdk-23.05.0-armsr-armv8_gcc-12.3.0_musl.Linux-x86_64/staging_dir/toolchain-aarch64_generic_gcc-12.3.0_musl/bin/../lib/gcc/aarch64-openwrt-linux-musl/12.3.0/../../../../aarch64-openwrt-linux-musl/bin/ld: /usr/aarch64-linux-gnu/include/bits/stdio2.h:71: undefined reference to `__snprintf_chk'
/home/jedyying/Documents/基于SDR的语义通信实验平台/AI_CPE_Demo/.build/ncnn-cpu/openwrt-sdk-23.05.0-armsr-armv8_gcc-12.3.0_musl.Linux-x86_64/staging_dir/toolchain-aarch64_generic_gcc-12.3.0_musl/bin/../lib/gcc/aarch64-openwrt-linux-musl/12.3.0/../../../../aarch64-openwrt-linux-musl/bin/ld: /home/jedyying/Downloads/rg660mk_c270_userspace.Nne8IG/aarch64-root/lib/libusb-1.0.a(linux_usbfs.o): in function `open':
/usr/aarch64-linux-gnu/include/bits/fcntl2.h:57: undefined reference to `__open_2'
/home/jedyying/Documents/基于SDR的语义通信实验平台/AI_CPE_Demo/.build/ncnn-cpu/openwrt-sdk-23.05.0-armsr-armv8_gcc-12.3.0_musl.Linux-x86_64/staging_dir/toolchain-aarch64_generic_gcc-12.3.0_musl/bin/../lib/gcc/aarch64-openwrt-linux-musl/12.3.0/../../../../aarch64-openwrt-linux-musl/bin/ld: /home/jedyying/Downloads/rg660mk_c270_userspace.Nne8IG/aarch64-root/lib/libusb-1.0.a(linux_usbfs.o): in function `snprintf':
/usr/aarch64-linux-gnu/include/bits/stdio2.h:71: undefined reference to `__snprintf_chk'
/home/jedyying/Documents/基于SDR的语义通信实验平台/AI_CPE_Demo/.build/ncnn-cpu/openwrt-sdk-23.05.0-armsr-armv8_gcc-12.3.0_musl.Linux-x86_64/staging_dir/toolchain-aarch64_generic_gcc-12.3.0_musl/bin/../lib/gcc/aarch64-openwrt-linux-musl/12.3.0/../../../../aarch64-openwrt-linux-musl/bin/ld: /home/jedyying/Downloads/rg660mk_c270_userspace.Nne8IG/aarch64-root/lib/libusb-1.0.a(linux_usbfs.o): in function `open':
/usr/aarch64-linux-gnu/include/bits/fcntl2.h:57: undefined reference to `__open_2'
/home/jedyying/Documents/基于SDR的语义通信实验平台/AI_CPE_Demo/.build/ncnn-cpu/openwrt-sdk-23.05.0-armsr-armv8_gcc-12.3.0_musl.Linux-x86_64/staging_dir/toolchain-aarch64_generic_gcc-12.3.0_musl/bin/../lib/gcc/aarch64-openwrt-linux-musl/12.3.0/../../../../aarch64-openwrt-linux-musl/bin/ld: /home/jedyying/Downloads/rg660mk_c270_userspace.Nne8IG/aarch64-root/lib/libusb-1.0.a(linux_usbfs.o): in function `snprintf':
/usr/aarch64-linux-gnu/include/bits/stdio2.h:71: undefined reference to `__snprintf_chk'
/home/jedyying/Documents/基于SDR的语义通信实验平台/AI_CPE_Demo/.build/ncnn-cpu/openwrt-sdk-23.05.0-armsr-armv8_gcc-12.3.0_musl.Linux-x86_64/staging_dir/toolchain-aarch64_generic_gcc-12.3.0_musl/bin/../lib/gcc/aarch64-openwrt-linux-musl/12.3.0/../../../../aarch64-openwrt-linux-musl/bin/ld: /home/jedyying/Downloads/rg660mk_c270_userspace.Nne8IG/aarch64-root/lib/libusb-1.0.a(linux_usbfs.o): in function `asprintf':
/usr/aarch64-linux-gnu/include/bits/stdio2.h:186: undefined reference to `__asprintf_chk'
/home/jedyying/Documents/基于SDR的语义通信实验平台/AI_CPE_Demo/.build/ncnn-cpu/openwrt-sdk-23.05.0-armsr-armv8_gcc-12.3.0_musl.Linux-x86_64/staging_dir/toolchain-aarch64_generic_gcc-12.3.0_musl/bin/../lib/gcc/aarch64-openwrt-linux-musl/12.3.0/../../../../aarch64-openwrt-linux-musl/bin/ld: /home/jedyying/Downloads/rg660mk_c270_userspace.Nne8IG/aarch64-root/lib/libusb-1.0.a(linux_usbfs.o): in function `snprintf':
/usr/aarch64-linux-gnu/include/bits/stdio2.h:71: undefined reference to `__snprintf_chk'
collect2: error: ld returned 1 exit status
===== 链接 pose_camera_arm64 (全 musl 静态) =====
===== ABI 校验: pose_camera_arm64 =====
pose_camera_arm64: ELF 64-bit LSB executable, ARM aarch64, version 1 (SYSV), statically linked, stripped
无 INTERP => 静态 ✅
无动态依赖/无Vulkan/无gomp ✅
