checking for aarch64-openwrt-linux-musl-gcc... /home/jedyying/Documents/基于SDR的语义通信实验平台/AI_CPE_Demo/.build/ncnn-cpu/openwrt-sdk-23.05.0-armsr-armv8_gcc-12.3.0_musl.Linux-x86_64/staging_dir/toolchain-aarch64_generic_gcc-12.3.0_musl/bin/aarch64-openwrt-linux-musl-gcc
checking whether the C compiler works... yes
checking for C compiler default output file name... a.out
checking for suffix of executables... 
checking whether we are cross compiling... yes
checking for suffix of object files... o
checking whether the compiler supports GNU C... yes
checking whether /home/jedyying/Documents/基于SDR的语义通信实验平台/AI_CPE_Demo/.build/ncnn-cpu/openwrt-sdk-23.05.0-armsr-armv8_gcc-12.3.0_musl.Linux-x86_64/staging_dir/toolchain-aarch64_generic_gcc-12.3.0_musl/bin/aarch64-openwrt-linux-musl-gcc accepts -g... yes
checking for /home/jedyying/Documents/基于SDR的语义通信实验平台/AI_CPE_Demo/.build/ncnn-cpu/openwrt-sdk-23.05.0-armsr-armv8_gcc-12.3.0_musl.Linux-x86_64/staging_dir/toolchain-aarch64_generic_gcc-12.3.0_musl/bin/aarch64-openwrt-linux-musl-gcc option to enable C11 features... none needed
checking whether /home/jedyying/Documents/基于SDR的语义通信实验平台/AI_CPE_Demo/.build/ncnn-cpu/openwrt-sdk-23.05.0-armsr-armv8_gcc-12.3.0_musl.Linux-x86_64/staging_dir/toolchain-aarch64_generic_gcc-12.3.0_musl/bin/aarch64-openwrt-linux-musl-gcc understands -c and -o together... yes
checking for aarch64-openwrt-linux-musl-g++... no
checking for aarch64-openwrt-linux-musl-c++... no
checking for aarch64-openwrt-linux-musl-gpp... no
checking for aarch64-openwrt-linux-musl-aCC... no
checking for aarch64-openwrt-linux-musl-CC... no
checking for aarch64-openwrt-linux-musl-cxx... no
checking for aarch64-openwrt-linux-musl-cc++... no
checking for aarch64-openwrt-linux-musl-cl.exe... no
checking for aarch64-openwrt-linux-musl-FCC... no
checking for aarch64-openwrt-linux-musl-KCC... no
checking for aarch64-openwrt-linux-musl-RCC... no
checking for aarch64-openwrt-linux-musl-xlC_r... no
checking for aarch64-openwrt-linux-musl-xlC... no
checking for aarch64-openwrt-linux-musl-clang++... no
checking for g++... g++
configure: WARNING: using cross tools not prefixed with host triplet
checking whether the compiler supports GNU C++... yes
checking whether g++ accepts -g... yes
checking for g++ option to enable C++11 features... none needed
checking for inline... inline
checking for a BSD-compatible install... /usr/bin/install -c
checking whether build environment is sane... yes
checking for aarch64-openwrt-linux-musl-strip... no
checking for strip... strip
checking for a race-free mkdir -p... /usr/bin/mkdir -p
checking for gawk... no
checking for mawk... mawk
checking whether make sets $(MAKE)... yes
checking whether make supports the include directive... yes (GNU style)
checking whether make supports nested variables... yes
checking dependency style of /home/jedyying/Documents/基于SDR的语义通信实验平台/AI_CPE_Demo/.build/ncnn-cpu/openwrt-sdk-23.05.0-armsr-armv8_gcc-12.3.0_musl.Linux-x86_64/staging_dir/toolchain-aarch64_generic_gcc-12.3.0_musl/bin/aarch64-openwrt-linux-musl-gcc... gcc3
checking dependency style of g++... gcc3
checking build system type... x86_64-pc-linux-musl
checking host system type... aarch64-openwrt-linux-musl
checking how to print strings... printf
checking for a sed that does not truncate output... /usr/bin/sed
checking for grep that handles long lines and -e... /usr/bin/grep
checking for egrep... /usr/bin/grep -E
checking for fgrep... /usr/bin/grep -F
checking for ld used by /home/jedyying/Documents/基于SDR的语义通信实验平台/AI_CPE_Demo/.build/ncnn-cpu/openwrt-sdk-23.05.0-armsr-armv8_gcc-12.3.0_musl.Linux-x86_64/staging_dir/toolchain-aarch64_generic_gcc-12.3.0_musl/bin/aarch64-openwrt-linux-musl-gcc... /home/jedyying/Documents/基于SDR的语义通信实验平台/AI_CPE_Demo/.build/ncnn-cpu/openwrt-sdk-23.05.0-armsr-armv8_gcc-12.3.0_musl.Linux-x86_64/staging_dir/toolchain-aarch64_generic_gcc-12.3.0_musl/aarch64-openwrt-linux-musl/bin/ld
checking if the linker (/home/jedyying/Documents/基于SDR的语义通信实验平台/AI_CPE_Demo/.build/ncnn-cpu/openwrt-sdk-23.05.0-armsr-armv8_gcc-12.3.0_musl.Linux-x86_64/staging_dir/toolchain-aarch64_generic_gcc-12.3.0_musl/aarch64-openwrt-linux-musl/bin/ld) is GNU ld... yes
checking for BSD- or MS-compatible name lister (nm)... no
checking for aarch64-openwrt-linux-musl-dumpbin... no
checking for aarch64-openwrt-linux-musl-link... no
checking for dumpbin... no
checking for link... link -dump
checking the name lister (nm) interface... BSD nm
checking whether ln -s works... yes
checking the maximum length of command line arguments... 1572864
checking how to convert x86_64-pc-linux-musl file names to aarch64-openwrt-linux-musl format... func_convert_file_noop
checking how to convert x86_64-pc-linux-musl file names to toolchain format... func_convert_file_noop
checking for /home/jedyying/Documents/基于SDR的语义通信实验平台/AI_CPE_Demo/.build/ncnn-cpu/openwrt-sdk-23.05.0-armsr-armv8_gcc-12.3.0_musl.Linux-x86_64/staging_dir/toolchain-aarch64_generic_gcc-12.3.0_musl/aarch64-openwrt-linux-musl/bin/ld option to reload object files... -r
checking for aarch64-openwrt-linux-musl-objdump... no
checking for objdump... objdump
checking how to recognize dependent libraries... pass_all
checking for aarch64-openwrt-linux-musl-dlltool... no
checking for dlltool... no
checking how to associate runtime and link libraries... printf %s\n
checking for aarch64-openwrt-linux-musl-ar... no
checking for ar... ar
checking for archiver @FILE support... @
checking for aarch64-openwrt-linux-musl-strip... strip
checking for aarch64-openwrt-linux-musl-ranlib... no
checking for ranlib... ranlib
checking command to parse nm output from /home/jedyying/Documents/基于SDR的语义通信实验平台/AI_CPE_Demo/.build/ncnn-cpu/openwrt-sdk-23.05.0-armsr-armv8_gcc-12.3.0_musl.Linux-x86_64/staging_dir/toolchain-aarch64_generic_gcc-12.3.0_musl/bin/aarch64-openwrt-linux-musl-gcc object... ok
checking for sysroot... no
checking for a working dd... /usr/bin/dd
checking how to truncate binary pipes... /usr/bin/dd bs=4096 count=1
checking for aarch64-openwrt-linux-musl-mt... no
checking for mt... mt
checking if mt is a manifest tool... no
checking for stdio.h... yes
checking for stdlib.h... yes
checking for string.h... yes
checking for inttypes.h... yes
checking for stdint.h... yes
checking for strings.h... yes
checking for sys/stat.h... yes
checking for sys/types.h... yes
checking for unistd.h... yes
checking for dlfcn.h... yes
checking for objdir... .libs
checking if /home/jedyying/Documents/基于SDR的语义通信实验平台/AI_CPE_Demo/.build/ncnn-cpu/openwrt-sdk-23.05.0-armsr-armv8_gcc-12.3.0_musl.Linux-x86_64/staging_dir/toolchain-aarch64_generic_gcc-12.3.0_musl/bin/aarch64-openwrt-linux-musl-gcc supports -fno-rtti -fno-exceptions... no
checking for /home/jedyying/Documents/基于SDR的语义通信实验平台/AI_CPE_Demo/.build/ncnn-cpu/openwrt-sdk-23.05.0-armsr-armv8_gcc-12.3.0_musl.Linux-x86_64/staging_dir/toolchain-aarch64_generic_gcc-12.3.0_musl/bin/aarch64-openwrt-linux-musl-gcc option to produce PIC... -fPIC -DPIC
checking if /home/jedyying/Documents/基于SDR的语义通信实验平台/AI_CPE_Demo/.build/ncnn-cpu/openwrt-sdk-23.05.0-armsr-armv8_gcc-12.3.0_musl.Linux-x86_64/staging_dir/toolchain-aarch64_generic_gcc-12.3.0_musl/bin/aarch64-openwrt-linux-musl-gcc PIC flag -fPIC -DPIC works... yes
checking if /home/jedyying/Documents/基于SDR的语义通信实验平台/AI_CPE_Demo/.build/ncnn-cpu/openwrt-sdk-23.05.0-armsr-armv8_gcc-12.3.0_musl.Linux-x86_64/staging_dir/toolchain-aarch64_generic_gcc-12.3.0_musl/bin/aarch64-openwrt-linux-musl-gcc static flag -static works... yes
checking if /home/jedyying/Documents/基于SDR的语义通信实验平台/AI_CPE_Demo/.build/ncnn-cpu/openwrt-sdk-23.05.0-armsr-armv8_gcc-12.3.0_musl.Linux-x86_64/staging_dir/toolchain-aarch64_generic_gcc-12.3.0_musl/bin/aarch64-openwrt-linux-musl-gcc supports -c -o file.o... yes
checking if /home/jedyying/Documents/基于SDR的语义通信实验平台/AI_CPE_Demo/.build/ncnn-cpu/openwrt-sdk-23.05.0-armsr-armv8_gcc-12.3.0_musl.Linux-x86_64/staging_dir/toolchain-aarch64_generic_gcc-12.3.0_musl/bin/aarch64-openwrt-linux-musl-gcc supports -c -o file.o... (cached) yes
checking whether the /home/jedyying/Documents/基于SDR的语义通信实验平台/AI_CPE_Demo/.build/ncnn-cpu/openwrt-sdk-23.05.0-armsr-armv8_gcc-12.3.0_musl.Linux-x86_64/staging_dir/toolchain-aarch64_generic_gcc-12.3.0_musl/bin/aarch64-openwrt-linux-musl-gcc linker (/home/jedyying/Documents/基于SDR的语义通信实验平台/AI_CPE_Demo/.build/ncnn-cpu/openwrt-sdk-23.05.0-armsr-armv8_gcc-12.3.0_musl.Linux-x86_64/staging_dir/toolchain-aarch64_generic_gcc-12.3.0_musl/aarch64-openwrt-linux-musl/bin/ld) supports shared libraries... yes
checking dynamic linker characteristics... GNU/Linux ld.so
checking how to hardcode library paths into programs... immediate
checking whether stripping libraries is possible... yes
checking if libtool supports shared libraries... yes
checking whether to build shared libraries... no
checking whether to build static libraries... yes
checking how to run the C++ preprocessor... g++ -E
checking for ld used by g++... /home/jedyying/Documents/基于SDR的语义通信实验平台/AI_CPE_Demo/.build/ncnn-cpu/openwrt-sdk-23.05.0-armsr-armv8_gcc-12.3.0_musl.Linux-x86_64/staging_dir/toolchain-aarch64_generic_gcc-12.3.0_musl/aarch64-openwrt-linux-musl/bin/ld
checking if the linker (/home/jedyying/Documents/基于SDR的语义通信实验平台/AI_CPE_Demo/.build/ncnn-cpu/openwrt-sdk-23.05.0-armsr-armv8_gcc-12.3.0_musl.Linux-x86_64/staging_dir/toolchain-aarch64_generic_gcc-12.3.0_musl/aarch64-openwrt-linux-musl/bin/ld) is GNU ld... yes
checking whether the g++ linker (/home/jedyying/Documents/基于SDR的语义通信实验平台/AI_CPE_Demo/.build/ncnn-cpu/openwrt-sdk-23.05.0-armsr-armv8_gcc-12.3.0_musl.Linux-x86_64/staging_dir/toolchain-aarch64_generic_gcc-12.3.0_musl/aarch64-openwrt-linux-musl/bin/ld) supports shared libraries... yes
checking for g++ option to produce PIC... -fPIC -DPIC
checking if g++ PIC flag -fPIC -DPIC works... yes
checking if g++ static flag -static works... yes
checking if g++ supports -c -o file.o... yes
checking if g++ supports -c -o file.o... (cached) yes
checking whether the g++ linker (/home/jedyying/Documents/基于SDR的语义通信实验平台/AI_CPE_Demo/.build/ncnn-cpu/openwrt-sdk-23.05.0-armsr-armv8_gcc-12.3.0_musl.Linux-x86_64/staging_dir/toolchain-aarch64_generic_gcc-12.3.0_musl/aarch64-openwrt-linux-musl/bin/ld) supports shared libraries... yes
checking dynamic linker characteristics... (cached) GNU/Linux ld.so
checking how to hardcode library paths into programs... immediate
checking for aarch64-openwrt-linux-musl-windres... no
checking for windres... no
checking whether make supports nested variables... (cached) yes
checking if /home/jedyying/Documents/基于SDR的语义通信实验平台/AI_CPE_Demo/.build/ncnn-cpu/openwrt-sdk-23.05.0-armsr-armv8_gcc-12.3.0_musl.Linux-x86_64/staging_dir/toolchain-aarch64_generic_gcc-12.3.0_musl/bin/aarch64-openwrt-linux-musl-gcc supports -std=gnu11... yes
checking operating system... Linux
checking for nfds_t... yes
checking for pipe2... yes
checking if /home/jedyying/Documents/基于SDR的语义通信实验平台/AI_CPE_Demo/.build/ncnn-cpu/openwrt-sdk-23.05.0-armsr-armv8_gcc-12.3.0_musl.Linux-x86_64/staging_dir/toolchain-aarch64_generic_gcc-12.3.0_musl/bin/aarch64-openwrt-linux-musl-gcc recognizes -pthread... yes
checking for library containing pthread_create... none required
checking whether __atomic_load_n is supported... yes
checking for library containing clock_gettime... none required
checking for pthread_setname_np... yes
checking for asm/types.h... yes
checking for linux/netlink.h... yes
checking for sys/socket.h... yes
checking for sys/time.h... yes
checking for clock_gettime... yes
checking for /home/jedyying/Documents/基于SDR的语义通信实验平台/AI_CPE_Demo/.build/ncnn-cpu/openwrt-sdk-23.05.0-armsr-armv8_gcc-12.3.0_musl.Linux-x86_64/staging_dir/toolchain-aarch64_generic_gcc-12.3.0_musl/bin/aarch64-openwrt-linux-musl-gcc options needed to detect all undeclared functions... none needed
checking whether CLOCK_MONOTONIC is declared... yes
checking for pthread_condattr_setclock... yes
checking for sys/eventfd.h... yes
checking whether EFD_NONBLOCK is declared... yes
checking whether EFD_CLOEXEC is declared... yes
checking for eventfd... yes
checking whether to use eventfd for signalling... yes
checking for sys/timerfd.h... yes
checking whether TFD_NONBLOCK is declared... yes
checking whether TFD_CLOEXEC is declared... yes
checking for timerfd_create... yes
checking whether to use timerfd for timing... yes
checking that generated files are newer than configure... done
configure: creating ./config.status
config.status: creating libusb-1.0.pc
config.status: creating Makefile
config.status: creating libusb/Makefile
config.status: creating examples/Makefile
config.status: creating tests/Makefile
config.status: creating doc/Makefile
config.status: creating doc/doxygen.cfg
config.status: creating config.h
config.status: executing depfiles commands
config.status: executing libtool commands
