/home/jedyying/.local/lib/python3.10/site-packages/matplotlib/projections/__init__.py:63: UserWarning: Unable to import Axes3D. This may be due to multiple versions of Matplotlib being installed (e.g. as a system package and as a pip package). As a result, the 3D projection is not available.
  warnings.warn("Unable to import Axes3D. This may be due to multiple versions of "
EXPORTING yolov8n
Ultralytics 8.3.0 🚀 Python-3.10.12 torch-2.12.1+cu130 CPU (11th Gen Intel Core i5-1135G7 @ 2.40GHz)
YOLOv8n summary (fused): 168 layers, 3,151,904 parameters, 0 gradients, 8.7 GFLOPs

[34m[1mPyTorch:[0m starting from '/home/jedyying/Downloads/yolov8n.pt' with input shape (1, 3, 640, 640) BCHW and output shape(s) (1, 84, 8400) (6.2 MB)

[34m[1mTorchScript:[0m starting export with torch 2.12.1+cu130...
[34m[1mTorchScript:[0m export success ✅ 2.2s, saved as '/home/jedyying/Downloads/yolov8n.torchscript' (12.4 MB)
[31m[1mrequirements:[0m Ultralytics requirement ['ncnn'] not found, attempting AutoUpdate...
Defaulting to user installation because normal site-packages is not writeable
Collecting ncnn
  Downloading ncnn-1.0.20260526-cp310-cp310-manylinux_2_24_x86_64.manylinux_2_28_x86_64.whl (8.4 MB)
     ━━━━━━━━━━━━━━━━━━━━━━━━━━━━━━━━━━━━━━━━ 8.4/8.4 MB 75.8 kB/s eta 0:00:00
Requirement already satisfied: requests in /home/jedyying/.local/lib/python3.10/site-packages (from ncnn) (2.31.0)
Requirement already satisfied: tqdm in /home/jedyying/.local/lib/python3.10/site-packages (from ncnn) (4.68.3)
Collecting portalocker
  Downloading portalocker-4.3.0-py3-none-any.whl (129 kB)
     ━━━━━━━━━━━━━━━━━━━━━━━━━━━━━━━━━━━━━ 129.6/129.6 KB 229.4 kB/s eta 0:00:00
Requirement already satisfied: numpy in /home/jedyying/.local/lib/python3.10/site-packages (from ncnn) (1.26.4)
Requirement already satisfied: opencv-python in /home/jedyying/.local/lib/python3.10/site-packages (from ncnn) (4.11.0.86)
Requirement already satisfied: idna<4,>=2.5 in /usr/lib/python3/dist-packages (from requests->ncnn) (3.3)
Requirement already satisfied: certifi>=2017.4.17 in /home/jedyying/.local/lib/python3.10/site-packages (from requests->ncnn) (2026.6.17)
Requirement already satisfied: urllib3<3,>=1.21.1 in /usr/lib/python3/dist-packages (from requests->ncnn) (1.26.5)
Requirement already satisfied: charset-normalizer<4,>=2 in /home/jedyying/.local/lib/python3.10/site-packages (from requests->ncnn) (3.4.7)
Installing collected packages: portalocker, ncnn
Successfully installed ncnn-1.0.20260526 portalocker-4.3.0

[31m[1mrequirements:[0m AutoUpdate success ✅ 275.3s, installed 1 package: ['ncnn']
[31m[1mrequirements:[0m ⚠️ [1mRestart runtime or rerun command for updates to take effect[0m


[34m[1mNCNN:[0m starting export with NCNN 1.0.20260526...
[34m[1mNCNN:[0m running '/home/jedyying/.local/lib/python3.10/site-packages/ultralytics/pnnx /home/jedyying/Downloads/yolov8n.torchscript ncnnparam=/home/jedyying/Downloads/yolov8n_ncnn_model/model.ncnn.param ncnnbin=/home/jedyying/Downloads/yolov8n_ncnn_model/model.ncnn.bin ncnnpy=/home/jedyying/Downloads/yolov8n_ncnn_model/model_ncnn.py pnnxparam=/home/jedyying/Downloads/yolov8n_ncnn_model/model.pnnx.param pnnxbin=/home/jedyying/Downloads/yolov8n_ncnn_model/model.pnnx.bin pnnxpy=/home/jedyying/Downloads/yolov8n_ncnn_model/model_pnnx.py pnnxonnx=/home/jedyying/Downloads/yolov8n_ncnn_model/model.pnnx.onnx fp16=0 device=cpu inputshape="[1, 3, 640, 640]"'
pnnxparam = /home/jedyying/Downloads/yolov8n_ncnn_model/model.pnnx.param
pnnxbin = /home/jedyying/Downloads/yolov8n_ncnn_model/model.pnnx.bin
pnnxpy = /home/jedyying/Downloads/yolov8n_ncnn_model/model_pnnx.py
pnnxonnx = /home/jedyying/Downloads/yolov8n_ncnn_model/model.pnnx.onnx
ncnnparam = /home/jedyying/Downloads/yolov8n_ncnn_model/model.ncnn.param
ncnnbin = /home/jedyying/Downloads/yolov8n_ncnn_model/model.ncnn.bin
ncnnpy = /home/jedyying/Downloads/yolov8n_ncnn_model/model_ncnn.py
fp16 = 0
optlevel = 2
device = cpu
inputshape = [1,3,640,640]f32
inputshape2 = 
input = 
input2 = 
customop = 
moduleop = 
get inputshape from traced inputs
inputshape = [1,3,640,640]f32
############# pass_level0
inline module = ultralytics.nn.modules.block.Bottleneck
inline module = ultralytics.nn.modules.block.C2f
inline module = ultralytics.nn.modules.block.DFL
inline module = ultralytics.nn.modules.block.SPPF
inline module = ultralytics.nn.modules.conv.Concat
inline module = ultralytics.nn.modules.conv.Conv
inline module = ultralytics.nn.modules.head.Detect
inline module = ultralytics.nn.modules.block.Bottleneck
inline module = ultralytics.nn.modules.block.C2f
inline module = ultralytics.nn.modules.block.DFL
inline module = ultralytics.nn.modules.block.SPPF
inline module = ultralytics.nn.modules.conv.Concat
inline module = ultralytics.nn.modules.conv.Conv
inline module = ultralytics.nn.modules.head.Detect

----------------

############# pass_level1
############# pass_level2
############# pass_level3
############# pass_level4
############# pass_level5
############# pass_ncnn
model inputshape = [1,3,640,640]f32
FLOPS = 8.854G
memory OPS = 93.664M
[34m[1mNCNN:[0m export success ✅ 277.0s, saved as '/home/jedyying/Downloads/yolov8n_ncnn_model' (12.1 MB)

Export complete (279.7s)
Results saved to [1m/home/jedyying/Downloads[0m
Predict:         yolo predict task=detect model=/home/jedyying/Downloads/yolov8n_ncnn_model imgsz=640  
Validate:        yolo val task=detect model=/home/jedyying/Downloads/yolov8n_ncnn_model imgsz=640 data=coco.yaml  
Visualize:       https://netron.app
DONE yolov8n -> /home/jedyying/Downloads/yolov8n_ncnn_model
EXPORTING yolov8n-pose
Ultralytics 8.3.0 🚀 Python-3.10.12 torch-2.12.1+cu130 CPU (11th Gen Intel Core i5-1135G7 @ 2.40GHz)
YOLOv8n-pose summary (fused): 187 layers, 3,289,964 parameters, 0 gradients, 9.2 GFLOPs

[34m[1mPyTorch:[0m starting from '/home/jedyying/Downloads/yolov8n-pose.pt' with input shape (1, 3, 640, 640) BCHW and output shape(s) (1, 56, 8400) (6.5 MB)

[34m[1mTorchScript:[0m starting export with torch 2.12.1+cu130...
[34m[1mTorchScript:[0m export success ✅ 1.4s, saved as '/home/jedyying/Downloads/yolov8n-pose.torchscript' (13.0 MB)

[34m[1mNCNN:[0m starting export with NCNN 1.0.20260526...
[34m[1mNCNN:[0m running '/home/jedyying/.local/lib/python3.10/site-packages/ultralytics/pnnx /home/jedyying/Downloads/yolov8n-pose.torchscript ncnnparam=/home/jedyying/Downloads/yolov8n-pose_ncnn_model/model.ncnn.param ncnnbin=/home/jedyying/Downloads/yolov8n-pose_ncnn_model/model.ncnn.bin ncnnpy=/home/jedyying/Downloads/yolov8n-pose_ncnn_model/model_ncnn.py pnnxparam=/home/jedyying/Downloads/yolov8n-pose_ncnn_model/model.pnnx.param pnnxbin=/home/jedyying/Downloads/yolov8n-pose_ncnn_model/model.pnnx.bin pnnxpy=/home/jedyying/Downloads/yolov8n-pose_ncnn_model/model_pnnx.py pnnxonnx=/home/jedyying/Downloads/yolov8n-pose_ncnn_model/model.pnnx.onnx fp16=0 device=cpu inputshape="[1, 3, 640, 640]"'
pnnxparam = /home/jedyying/Downloads/yolov8n-pose_ncnn_model/model.pnnx.param
pnnxbin = /home/jedyying/Downloads/yolov8n-pose_ncnn_model/model.pnnx.bin
pnnxpy = /home/jedyying/Downloads/yolov8n-pose_ncnn_model/model_pnnx.py
pnnxonnx = /home/jedyying/Downloads/yolov8n-pose_ncnn_model/model.pnnx.onnx
ncnnparam = /home/jedyying/Downloads/yolov8n-pose_ncnn_model/model.ncnn.param
ncnnbin = /home/jedyying/Downloads/yolov8n-pose_ncnn_model/model.ncnn.bin
ncnnpy = /home/jedyying/Downloads/yolov8n-pose_ncnn_model/model_ncnn.py
fp16 = 0
optlevel = 2
device = cpu
inputshape = [1,3,640,640]f32
inputshape2 = 
input = 
input2 = 
customop = 
moduleop = 
get inputshape from traced inputs
inputshape = [1,3,640,640]f32
############# pass_level0
inline module = ultralytics.nn.modules.block.Bottleneck
inline module = ultralytics.nn.modules.block.C2f
inline module = ultralytics.nn.modules.block.DFL
inline module = ultralytics.nn.modules.block.SPPF
inline module = ultralytics.nn.modules.conv.Concat
inline module = ultralytics.nn.modules.conv.Conv
inline module = ultralytics.nn.modules.head.Pose
inline module = ultralytics.nn.modules.block.Bottleneck
inline module = ultralytics.nn.modules.block.C2f
inline module = ultralytics.nn.modules.block.DFL
inline module = ultralytics.nn.modules.block.SPPF
inline module = ultralytics.nn.modules.conv.Concat
inline module = ultralytics.nn.modules.conv.Conv
inline module = ultralytics.nn.modules.head.Pose

----------------

############# pass_level1
############# pass_level2
############# pass_level3
############# pass_level4
############# pass_level5
############# pass_ncnn
model inputshape = [1,3,640,640]f32
FLOPS = 9.289G
memory OPS = 94.864M
[34m[1mNCNN:[0m export success ✅ 1.7s, saved as '/home/jedyying/Downloads/yolov8n-pose_ncnn_model' (12.7 MB)

Export complete (3.4s)
Results saved to [1m/home/jedyying/Downloads[0m
Predict:         yolo predict task=pose model=/home/jedyying/Downloads/yolov8n-pose_ncnn_model imgsz=640  
Validate:        yolo val task=pose model=/home/jedyying/Downloads/yolov8n-pose_ncnn_model imgsz=640 data=/usr/src/app/ultralytics/datasets/coco-pose.yaml  
Visualize:       https://netron.app
DONE yolov8n-pose -> /home/jedyying/Downloads/yolov8n-pose_ncnn_model
ALL_DONE
